[2025-10-28 16:51:23] Starting 03_h2o_train.R  (mode=FAST, run=A)
[2025-10-28 16:51:46] Created keepvars: 21 variables
[2025-10-28 16:51:59] H2O threads: 6
[2025-10-28 16:51:59] All species finished.
[2025-10-28 16:53:48] Starting 03_h2o_train.R  (mode=FAST, run=A)
[2025-10-28 16:53:48] Read keepvars: 21 variables
[2025-10-28 16:53:58] H2O threads: 6
[2025-10-28 16:53:58] Training E6B
[2025-10-28 17:02:02] Done E6B
[2025-10-28 17:02:02] All species finished.
[2025-10-29 20:16:52] Starting 03_h2o_train.R  (mode=FAST, run=A)
[2025-10-29 20:16:55] Read keepvars: 21 variables
[2025-10-29 20:17:10] H2O threads: 6
[2025-10-29 20:17:10] Training E1B
[2025-10-29 20:36:14] Starting 03_h2o_train.R  (mode=FAST, run=A)
[2025-10-29 20:39:26] Starting 03_h2o_train.R  (mode=FAST, run=A)
[2025-10-29 20:41:14] Starting 03_h2o_train.R  (mode=FAST, run=A)
[2025-10-29 20:51:43] Starting 03_h2o_train.R  (mode=FAST, run=A)
[2025-10-29 20:56:10] Starting 03_h2o_train.R  (mode=FAST, run=A)
[2025-10-29 21:08:06] Starting 03_h2o_train.R  (mode=FAST, run=A)
[2025-10-29 21:08:08] Read keepvars: 21 variables
[2025-10-29 21:08:29] H2O threads: 6
[2025-10-29 21:08:29] Species to run (9): E1B, E2B, E3A, E3B, E4A, E4B, E5A, E5B, E6B
[2025-10-29 21:08:29] Training E1B
[2025-10-29 21:18:39] Done E1B
[2025-10-29 21:18:39] Training E2B
[2025-10-29 21:28:04] Done E2B
[2025-10-29 21:28:04] Training E3A
[2025-10-29 21:37:55] Done E3A
[2025-10-29 21:37:55] Training E3B
[2025-10-29 21:47:16] Done E3B
[2025-10-29 21:47:16] Training E4A
[2025-10-29 21:57:00] Done E4A
[2025-10-29 21:57:00] Training E4B
[2025-10-29 22:06:15] Done E4B
[2025-10-29 22:06:15] Training E5A
[2025-10-29 23:38:59] Starting 03_h2o_train.R  (mode=FAST, run=A)
[2025-10-29 23:38:59] Read keepvars: 21 variables
[2025-10-29 23:39:14] H2O threads: 6
[2025-10-29 23:39:14] Species to run (1): E5B
[2025-10-29 23:39:14] Training E5B
[2025-10-29 23:48:42] Done E5B
[2025-10-29 23:48:42] All species finished.
[2025-10-29 23:58:44] Starting 03_h2o_train.R  (mode=FAST, run=A)
[2025-10-29 23:58:45] Read keepvars: 21 variables
[2025-10-29 23:59:03] H2O threads: 6
[2025-10-29 23:59:03] Species to run (1): E6B
[2025-10-29 23:59:03] Training E6B
[2025-10-30 00:08:07] Done E6B
[2025-10-30 00:08:07] All species finished.
[2025-10-30 00:45:13] Starting 03_h2o_train.R  (mode=FAST, run=A)
[2025-10-30 00:45:15] Read keepvars: 21 variables
[2025-10-30 00:45:29] H2O threads: 6
[2025-10-30 00:45:29] Species to run (1): E5A
[2025-10-30 00:45:29] Skip E5A — outputs present
[2025-10-30 00:45:29] All species finished.
[2025-11-06 18:42:13] Starting 03_h2o_train.R  (mode=REPRO, run=A)
[2025-11-06 18:42:14] Read keepvars: 21 variables
[2025-11-06 18:42:26] H2O threads: 1
[2025-11-06 18:42:26] Species to run (9): E1B, E2B, E3A, E3B, E4A, E4B, E5A, E5B, E6B
[2025-11-06 18:42:26] Training E1B
[2025-11-06 18:42:47] AutoML error for E1B: subscript out of bounds
[2025-11-06 18:42:47] AutoML returned NULL for E1B — switching to fallback GBM.
[2025-11-06 18:45:27] Done E1B
[2025-11-06 18:45:27] Training E2B
[2025-11-06 18:45:43] AutoML error for E2B: subscript out of bounds
[2025-11-06 18:45:43] AutoML returned NULL for E2B — switching to fallback GBM.
[2025-11-06 18:48:20] Done E2B
[2025-11-06 18:48:21] Skip E3A — outputs present
[2025-11-06 18:48:22] Training E3B
[2025-11-06 18:48:46] AutoML error for E3B: subscript out of bounds
[2025-11-06 18:48:46] AutoML returned NULL for E3B — switching to fallback GBM.
[2025-11-06 18:51:25] Done E3B
[2025-11-06 18:51:26] Skip E4A — outputs present
[2025-11-06 18:51:26] Training E4B
[2025-11-06 18:51:51] AutoML error for E4B: subscript out of bounds
[2025-11-06 18:51:51] AutoML returned NULL for E4B — switching to fallback GBM.
[2025-11-06 18:54:29] Done E4B
[2025-11-06 18:54:29] Skip E5A — outputs present
[2025-11-06 18:54:29] Training E5B
[2025-11-06 18:54:50] AutoML error for E5B: subscript out of bounds
[2025-11-06 18:54:50] AutoML returned NULL for E5B — switching to fallback GBM.
[2025-11-06 18:57:29] Done E5B
[2025-11-06 18:57:29] Training E6B
[2025-11-06 18:57:51] AutoML error for E6B: subscript out of bounds
[2025-11-06 18:57:51] AutoML returned NULL for E6B — switching to fallback GBM.
[2025-11-06 19:00:29] Done E6B
[2025-11-06 19:00:29] All species finished.
[2026-01-18 20:58:44] Starting 03_h2o_train.R  (mode=FAST, run=A)
[2026-01-18 20:58:45] Read keepvars: 21 variables
[2026-01-18 20:58:57] H2O threads: 6
[2026-01-18 20:58:57] Species to run (1): E3A
[2026-01-18 20:58:57] Skip E3A — outputs present
[2026-01-18 20:58:57] All species finished.
