[2025-11-11 15:15:12] Starting 06_before_after_panel_plots.R
[2025-11-11 15:15:14] Processing: E3 | H2O
[2025-11-11 15:15:43] Saved: results/panels/E3_H2O_before_after_panel.png
[2025-11-11 15:15:43] Processing: E3 | SSDM
[2025-11-11 15:16:03] Saved: results/panels/E3_SSDM_before_after_panel.png
[2025-11-11 15:16:03] Processing: E4 | H2O
[2025-11-11 15:16:25] Saved: results/panels/E4_H2O_before_after_panel.png
[2025-11-11 15:16:25] Processing: E4 | SSDM
[2025-11-11 15:16:44] Saved: results/panels/E4_SSDM_before_after_panel.png
[2025-11-11 15:16:44] Processing: E5 | H2O
[2025-11-11 15:17:06] Saved: results/panels/E5_H2O_before_after_panel.png
[2025-11-11 15:17:06] Processing: E5 | SSDM
[2025-11-11 15:17:24] Saved: results/panels/E5_SSDM_before_after_panel.png
[2025-11-11 15:17:24] Done. Panels saved in: results/panels
[2025-11-11 15:24:13] Starting 06_before_after_panel_plots.R (CORRECTED: A=After, B=Before)
[2025-11-11 15:24:13] Processing: E3 | H2O
[2025-11-11 15:24:41] Saved: results/panels/E3_H2O_before_after_panel.png
[2025-11-11 15:24:41] Processing: E3 | SSDM
[2025-11-11 15:24:59] Saved: results/panels/E3_SSDM_before_after_panel.png
[2025-11-11 15:24:59] Processing: E4 | H2O
[2025-11-11 15:25:19] Saved: results/panels/E4_H2O_before_after_panel.png
[2025-11-11 15:25:19] Processing: E4 | SSDM
[2025-11-11 15:25:40] Saved: results/panels/E4_SSDM_before_after_panel.png
[2025-11-11 15:25:40] Processing: E5 | H2O
[2025-11-11 15:26:03] Saved: results/panels/E5_H2O_before_after_panel.png
[2025-11-11 15:26:03] Processing: E5 | SSDM
[2025-11-11 15:26:21] Saved: results/panels/E5_SSDM_before_after_panel.png
[2025-11-11 15:26:21] Done. Panels saved in: results/panels
[2025-11-11 15:29:18] Starting 06_before_after_panel_plots.R (CORRECTED: A=After, B=Before, AOI crop)
[2025-11-11 15:29:20] AOI loaded: data/shp/HV20233.shp
[2025-11-11 15:29:20] Processing: E3 | H2O (AOI crop: enabled)
[2025-11-11 15:29:38] Saved: results/panels/E3_H2O_before_after_panel.png
[2025-11-11 15:29:38] Processing: E3 | SSDM (AOI crop: enabled)
[2025-11-11 15:29:56] Saved: results/panels/E3_SSDM_before_after_panel.png
[2025-11-11 15:29:56] Processing: E4 | H2O (AOI crop: enabled)
[2025-11-11 15:30:12] Saved: results/panels/E4_H2O_before_after_panel.png
[2025-11-11 15:30:12] Processing: E4 | SSDM (AOI crop: enabled)
[2025-11-11 15:30:30] Saved: results/panels/E4_SSDM_before_after_panel.png
[2025-11-11 15:30:30] Processing: E5 | H2O (AOI crop: enabled)
[2025-11-11 15:30:48] Saved: results/panels/E5_H2O_before_after_panel.png
[2025-11-11 15:30:48] Processing: E5 | SSDM (AOI crop: enabled)
[2025-11-11 15:31:06] Saved: results/panels/E5_SSDM_before_after_panel.png
[2025-11-11 15:31:06] Done. Panels saved in: results/panels
[2025-11-11 15:34:04] Starting 06_before_after_panel_plots.R (FIXED METRICS CALCULATION)
[2025-11-11 15:34:05] AOI loaded: data/shp/HV20233.shp
[2025-11-11 15:34:05] Processing: E3 | H2O (AOI crop: enabled)
[2025-11-11 15:34:10]   Jaccard: [0.509, 0.126, 0.031] | %Δ area: [0.0, -0.0, 0.0]
[2025-11-11 15:34:26] Saved: results/panels/E3_H2O_before_after_panel.png
[2025-11-11 15:34:26] Processing: E3 | SSDM (AOI crop: enabled)
[2025-11-11 15:34:28]   Jaccard: [0.522, 0.147, 0.041] | %Δ area: [-0.0, 0.0, -0.0]
[2025-11-11 15:34:44] Saved: results/panels/E3_SSDM_before_after_panel.png
[2025-11-11 15:34:44] Processing: E4 | H2O (AOI crop: enabled)
[2025-11-11 15:34:46]   Jaccard: [0.498, 0.123, 0.015] | %Δ area: [-0.9, -1.3, 0.0]
[2025-11-11 15:35:02] Saved: results/panels/E4_H2O_before_after_panel.png
[2025-11-11 15:35:02] Processing: E4 | SSDM (AOI crop: enabled)
[2025-11-11 15:35:04]   Jaccard: [0.505, 0.077, 0.000] | %Δ area: [0.0, 0.0, 0.0]
[2025-11-11 15:35:20] Saved: results/panels/E4_SSDM_before_after_panel.png
[2025-11-11 15:35:20] Processing: E5 | H2O (AOI crop: enabled)
[2025-11-11 15:35:22]   Jaccard: [0.662, 0.747, 0.450] | %Δ area: [-7.7, -0.9, -0.4]
[2025-11-11 15:35:39] Saved: results/panels/E5_H2O_before_after_panel.png
[2025-11-11 15:35:39] Processing: E5 | SSDM (AOI crop: enabled)
[2025-11-11 15:35:42]   Jaccard: [0.743, 0.809, 0.578] | %Δ area: [0.0, 0.0, 0.0]
[2025-11-11 15:35:59] Saved: results/panels/E5_SSDM_before_after_panel.png
[2025-11-11 15:35:59] Done. Panels saved in: results/panels
[2025-11-11 15:39:36] Starting 06_before_after_panel_plots.R (Dice coefficient metrics)
[2025-11-11 15:39:36] AOI loaded: data/shp/HV20233.shp
[2025-11-11 15:39:36] Processing: E3 | H2O (AOI crop: enabled)
[2025-11-11 15:39:41]   Jaccard: [0.509, 0.126, 0.031] | Dice: [0.675, 0.224, 0.060]
[2025-11-11 15:39:59] Saved: results/panels/E3_H2O_before_after_panel.png
[2025-11-11 15:39:59] Processing: E3 | SSDM (AOI crop: enabled)
[2025-11-11 15:40:02]   Jaccard: [0.522, 0.147, 0.041] | Dice: [0.686, 0.257, 0.079]
[2025-11-11 15:40:18] Saved: results/panels/E3_SSDM_before_after_panel.png
[2025-11-11 15:40:18] Processing: E4 | H2O (AOI crop: enabled)
[2025-11-11 15:40:20]   Jaccard: [0.498, 0.123, 0.015] | Dice: [0.665, 0.220, 0.030]
[2025-11-11 15:40:37] Saved: results/panels/E4_H2O_before_after_panel.png
[2025-11-11 15:40:37] Processing: E4 | SSDM (AOI crop: enabled)
[2025-11-11 15:40:39]   Jaccard: [0.505, 0.077, 0.000] | Dice: [0.671, 0.142, 0.000]
[2025-11-11 15:40:54] Saved: results/panels/E4_SSDM_before_after_panel.png
[2025-11-11 15:40:54] Processing: E5 | H2O (AOI crop: enabled)
[2025-11-11 15:40:56]   Jaccard: [0.662, 0.747, 0.450] | Dice: [0.796, 0.855, 0.621]
[2025-11-11 15:41:11] Saved: results/panels/E5_H2O_before_after_panel.png
[2025-11-11 15:41:11] Processing: E5 | SSDM (AOI crop: enabled)
[2025-11-11 15:41:14]   Jaccard: [0.743, 0.809, 0.578] | Dice: [0.852, 0.895, 0.733]
[2025-11-11 15:41:33] Saved: results/panels/E5_SSDM_before_after_panel.png
[2025-11-11 15:41:33] Done. Panels saved in: results/panels
[2025-11-12 15:07:37] Starting 06_before_after_panel_plots.R (Dice coefficient metrics)
[2025-11-12 15:07:37] AOI loaded: data/shp/HV20233.shp
[2025-11-12 15:07:38] Processing: E3 | H2O (AOI crop: enabled)
[2025-11-12 15:07:41]   Jaccard: [0.509, 0.126, 0.031] | Dice: [0.675, 0.224, 0.060]
[2025-11-12 15:07:57] Saved: results/panels/E3_H2O_before_after_panel.png
[2025-11-12 15:07:57] Processing: E3 | SSDM (AOI crop: enabled)
[2025-11-12 15:07:59]   Jaccard: [0.522, 0.147, 0.041] | Dice: [0.686, 0.257, 0.079]
[2025-11-12 15:08:14] Saved: results/panels/E3_SSDM_before_after_panel.png
[2025-11-12 15:08:14] Processing: E4 | H2O (AOI crop: enabled)
[2025-11-12 15:08:16]   Jaccard: [0.498, 0.123, 0.015] | Dice: [0.665, 0.220, 0.030]
[2025-11-12 15:08:30] Saved: results/panels/E4_H2O_before_after_panel.png
[2025-11-12 15:08:30] Processing: E4 | SSDM (AOI crop: enabled)
[2025-11-12 15:08:33]   Jaccard: [0.505, 0.077, 0.000] | Dice: [0.671, 0.142, 0.000]
[2025-11-12 15:08:49] Saved: results/panels/E4_SSDM_before_after_panel.png
[2025-11-12 15:08:49] Processing: E5 | H2O (AOI crop: enabled)
[2025-11-12 15:08:52]   Jaccard: [0.662, 0.747, 0.450] | Dice: [0.796, 0.855, 0.621]
[2025-11-12 15:09:06] Saved: results/panels/E5_H2O_before_after_panel.png
[2025-11-12 15:09:06] Processing: E5 | SSDM (AOI crop: enabled)
[2025-11-12 15:09:08]   Jaccard: [0.743, 0.809, 0.578] | Dice: [0.852, 0.895, 0.733]
[2025-11-12 15:09:23] Saved: results/panels/E5_SSDM_before_after_panel.png
[2025-11-12 15:09:23] Done. Panels saved in: results/panels
[2025-11-12 16:16:52] Starting 06_before_after_panel_plots.R (using temporal_jaccard.csv)
[2025-11-12 16:17:47] Starting 06_before_after_panel_plots.R (using temporal_jaccard.csv)
[2025-11-12 16:17:49] Loaded metrics from: results/compare/h2o_vs_ssdm/temporal_jaccard.csv
[2025-11-12 16:17:49] AOI loaded: data/shp/HV20233.shp
[2025-11-12 16:17:49] Processing: E3 | H2O (AOI crop: enabled)
[2025-11-12 16:17:52]   Temporal Jaccard: [0.003, 0.027, 0.439] | Gain km²: [39.60, 59.36, 42.27]
[2025-11-12 16:18:09] Saved: results/panels/E3_H2O_before_after_panel.png
[2025-11-12 16:18:09] Processing: E3 | SSDM (AOI crop: enabled)
[2025-11-12 16:18:11]   Temporal Jaccard: [0.007, 0.061, 0.177] | Gain km²: [6.28, 22.60, 39.47]
[2025-11-12 16:18:27] Saved: results/panels/E3_SSDM_before_after_panel.png
[2025-11-12 16:18:27] Processing: E4 | H2O (AOI crop: enabled)
[2025-11-12 16:18:29]   Temporal Jaccard: [0.002, 0.398, 0.442] | Gain km²: [42.72, 40.24, 26.02]
[2025-11-12 16:18:44] Saved: results/panels/E4_H2O_before_after_panel.png
[2025-11-12 16:18:44] Processing: E4 | SSDM (AOI crop: enabled)
[2025-11-12 16:18:45]   Temporal Jaccard: [0.000, 0.003, 0.076] | Gain km²: [17.61, 31.29, 43.99]
[2025-11-12 16:19:04] Saved: results/panels/E4_SSDM_before_after_panel.png
[2025-11-12 16:19:04] Processing: E5 | H2O (AOI crop: enabled)
[2025-11-12 16:19:05]   Temporal Jaccard: [0.747, 0.789, 0.843] | Gain km²: [11.37, 6.62, 7.42]
[2025-11-12 16:19:19] Saved: results/panels/E5_H2O_before_after_panel.png
[2025-11-12 16:19:19] Processing: E5 | SSDM (AOI crop: enabled)
[2025-11-12 16:19:20]   Temporal Jaccard: [0.134, 0.422, 0.683] | Gain km²: [0.22, 3.17, 0.15]
[2025-11-12 16:19:35] Saved: results/panels/E5_SSDM_before_after_panel.png
[2025-11-12 16:19:35] Done. Panels saved in: results/panels
[2025-11-12 22:23:42] Starting 06_before_after_panel_plots.R (using temporal_jaccard.csv)
[2025-11-12 22:23:42] Loaded metrics from: results/compare/h2o_vs_ssdm/temporal_jaccard.csv
[2025-11-12 22:23:43] AOI loaded: data/shp/HV20233.shp
[2025-11-12 22:23:44] Processing: E3 | H2O (AOI crop: enabled)
[2025-11-12 22:23:48]   Thresholds: [0.25, 0.50, 0.75]
[2025-11-12 22:23:48]   Temporal Jaccard: [0.439, 0.027, 0.003]
[2025-11-12 22:23:48]   Gain km²: [42.27, 59.36, 39.60]
[2025-11-12 22:24:05] Saved: results/panels/E3_H2O_before_after_panel.png
[2025-11-12 22:24:05] Processing: E3 | SSDM (AOI crop: enabled)
[2025-11-12 22:24:06]   Thresholds: [0.25, 0.50, 0.75]
[2025-11-12 22:24:06]   Temporal Jaccard: [0.177, 0.061, 0.007]
[2025-11-12 22:24:06]   Gain km²: [39.47, 22.60, 6.28]
[2025-11-12 22:24:22] Saved: results/panels/E3_SSDM_before_after_panel.png
[2025-11-12 22:24:22] Processing: E4 | H2O (AOI crop: enabled)
[2025-11-12 22:24:24]   Thresholds: [0.25, 0.50, 0.75]
[2025-11-12 22:24:24]   Temporal Jaccard: [0.398, 0.442, 0.002]
[2025-11-12 22:24:24]   Gain km²: [40.24, 26.02, 42.72]
[2025-11-12 22:24:38] Saved: results/panels/E4_H2O_before_after_panel.png
[2025-11-12 22:24:38] Processing: E4 | SSDM (AOI crop: enabled)
[2025-11-12 22:24:40]   Thresholds: [0.25, 0.50, 0.75]
[2025-11-12 22:24:40]   Temporal Jaccard: [0.076, 0.003, 0.000]
[2025-11-12 22:24:40]   Gain km²: [43.99, 31.29, 17.61]
[2025-11-12 22:24:56] Saved: results/panels/E4_SSDM_before_after_panel.png
[2025-11-12 22:24:56] Processing: E5 | H2O (AOI crop: enabled)
[2025-11-12 22:24:57]   Thresholds: [0.25, 0.50, 0.75]
[2025-11-12 22:24:57]   Temporal Jaccard: [0.843, 0.747, 0.789]
[2025-11-12 22:24:57]   Gain km²: [7.42, 11.37, 6.62]
[2025-11-12 22:25:10] Saved: results/panels/E5_H2O_before_after_panel.png
[2025-11-12 22:25:10] Processing: E5 | SSDM (AOI crop: enabled)
[2025-11-12 22:25:11]   Thresholds: [0.25, 0.50, 0.75]
[2025-11-12 22:25:11]   Temporal Jaccard: [0.683, 0.422, 0.134]
[2025-11-12 22:25:11]   Gain km²: [0.15, 3.17, 0.22]
[2025-11-12 22:25:25] Saved: results/panels/E5_SSDM_before_after_panel.png
[2025-11-12 22:25:25] Done. Panels saved in: results/panels
[2026-01-18 20:59:19] Starting 06_before_after_panel_plots.R (using temporal_jaccard.csv)
[2026-01-18 20:59:19] Loaded metrics from: results/compare/h2o_vs_ssdm/temporal_jaccard.csv
[2026-01-18 20:59:20] AOI loaded: data/shp/HV20233.shp
[2026-01-18 20:59:20] Processing: E3 | H2O (AOI crop: enabled)
[2026-01-18 20:59:23]   Thresholds: [0.25, 0.50, 0.75]
[2026-01-18 20:59:23]   Temporal Jaccard: [0.439, 0.027, 0.003]
[2026-01-18 20:59:23]   Gain km²: [42.27, 59.36, 39.60]
[2026-01-18 20:59:45] Saved: results/panels/E3_H2O_before_after_panel.png
[2026-01-18 20:59:45] Processing: E3 | SSDM (AOI crop: enabled)
[2026-01-18 20:59:47]   Thresholds: [0.25, 0.50, 0.75]
[2026-01-18 20:59:47]   Temporal Jaccard: [0.177, 0.061, 0.007]
[2026-01-18 20:59:47]   Gain km²: [39.47, 22.60, 6.28]
[2026-01-18 21:00:03] Saved: results/panels/E3_SSDM_before_after_panel.png
[2026-01-18 21:00:03] Done. Panels saved in: results/panels
[2026-01-18 21:12:37] Starting 06_before_after_panel_plots.R (using temporal_jaccard.csv)
[2026-01-18 21:12:38] Loaded metrics from: results/compare/h2o_vs_ssdm/temporal_jaccard.csv
[2026-01-18 21:12:38] AOI loaded: data/shp/HV20233.shp
[2026-01-18 21:12:38] Processing: E4 | H2O (AOI crop: enabled)
[2026-01-18 21:12:40]   Thresholds: [0.25, 0.50, 0.75]
[2026-01-18 21:12:40]   Temporal Jaccard: [0.398, 0.442, 0.002]
[2026-01-18 21:12:40]   Gain km²: [40.24, 26.02, 42.72]
[2026-01-18 21:12:57] Saved: results/panels/E4_H2O_before_after_panel.png
[2026-01-18 21:12:57] Processing: E4 | SSDM (AOI crop: enabled)
[2026-01-18 21:12:59]   Thresholds: [0.25, 0.50, 0.75]
[2026-01-18 21:12:59]   Temporal Jaccard: [0.076, 0.003, 0.000]
[2026-01-18 21:12:59]   Gain km²: [43.99, 31.29, 17.61]
[2026-01-18 21:13:14] Saved: results/panels/E4_SSDM_before_after_panel.png
[2026-01-18 21:13:14] Processing: E5 | H2O (AOI crop: enabled)
[2026-01-18 21:13:15]   Thresholds: [0.25, 0.50, 0.75]
[2026-01-18 21:13:15]   Temporal Jaccard: [0.843, 0.747, 0.789]
[2026-01-18 21:13:15]   Gain km²: [7.42, 11.37, 6.62]
[2026-01-18 21:13:30] Saved: results/panels/E5_H2O_before_after_panel.png
[2026-01-18 21:13:30] Processing: E5 | SSDM (AOI crop: enabled)
[2026-01-18 21:13:31]   Thresholds: [0.25, 0.50, 0.75]
[2026-01-18 21:13:31]   Temporal Jaccard: [0.683, 0.422, 0.134]
[2026-01-18 21:13:31]   Gain km²: [0.15, 3.17, 0.22]
[2026-01-18 21:13:47] Saved: results/panels/E5_SSDM_before_after_panel.png
[2026-01-18 21:13:48] Done. Panels saved in: results/panels
